PRT1
24
57
4 0 17 (448 0 768 ) (48 0 768 ) (48 0 16 ) (448 0 16 ) 
4 0 16 (608 0 768 ) (448 0 768 ) (448 0 16 ) (608 0 16 ) 
4 0 6 (48 528 16 ) (448 528 16 ) (448 448 16 ) (48 448 16 ) 
4 0 5 (448 528 16 ) (608 528 16 ) (608 0 16 ) (448 0 16 ) 
4 0 2 (48 304 125.118004 ) (48 304 768 ) (48 320 768 ) (48 320 125.118004 ) 
4 0 3 (48 320 16 ) (48 304 16 ) (48 304 17.118500 ) (48 320 17.118500 ) 
4 0 1 (48 528 768 ) (48 528 16 ) (48 320 16 ) (48 320 768 ) 
4 0 4 (48 304 16 ) (48 0 16 ) (48 0 768 ) (48 304 768 ) 
4 1 8 (0 320 768 ) (0 528 768 ) (0 528 16 ) (0 320 16 ) 
4 1 6 (0 528 16 ) (48 528 16 ) (48 448 16 ) (0 448 16 ) 
4 1 2 (48 320 125.118004 ) (48 320 768 ) (0 320 768 ) (0 320 125.118004 ) 
4 1 3 (0 320 16 ) (48 320 16 ) (48 320 17.118500 ) (0 320 17.118500 ) 
4 2 9 (0 304 768 ) (0 320 768 ) (0 320 125.118004 ) (0 304 125.118004 ) 
4 2 4 (48 304 125.118004 ) (48 304 768 ) (0 304 768 ) (0 304 125.118004 ) 
4 3 10 (0 320 17.118500 ) (0 320 16 ) (0 304 16 ) (0 304 17.118500 ) 
4 3 4 (0 304 16 ) (48 304 16 ) (48 304 17.118500 ) (0 304 17.118500 ) 
4 4 17 (48 0 768 ) (0 0 768 ) (0 0 16 ) (48 0 16 ) 
4 4 11 (0 0 16 ) (0 0 768 ) (0 304 768 ) (0 304 16 ) 
4 5 16 (448 0 -256 ) (608 0 -256 ) (608 0 16 ) (448 0 16 ) 
4 5 7 (448 448 0 ) (448 448 -256 ) (448 0 -256 ) (448 0 0 ) 
4 5 6 (448 448 16 ) (448 528 16 ) (448 528 -256 ) (448 448 -256 ) 
4 6 13 (0 448 16 ) (0 528 16 ) (0 528 -256 ) (0 448 -256 ) 
4 6 7 (0 448 -256 ) (448 448 -256 ) (448 448 0 ) (0 448 0 ) 
4 7 18 (0 0 0 ) (0 0 -256 ) (448 0 -256 ) (448 0 0 ) 
4 7 14 (0 0 -256 ) (0 0 0 ) (0 448 0 ) (0 448 -256 ) 
4 8 13 (-224 528 16 ) (0 528 16 ) (0 448 16 ) (-224 448 16 ) 
4 8 9 (-224 320 768 ) (-224 320 125.118004 ) (0 320 125.118004 ) (0 320 768 ) 
4 8 10 (-224 320 17.118500 ) (-224 320 16 ) (0 320 16 ) (0 320 17.118500 ) 
4 8 12 (-224 528 768 ) (-224 528 16 ) (-224 320 16 ) (-224 320 768 ) 
4 9 11 (-224 304 768 ) (-224 304 125.118004 ) (0 304 125.118004 ) (0 304 768 ) 
4 9 12 (-224 304 125.118004 ) (-224 304 768 ) (-224 320 768 ) (-224 320 125.118004 ) 
4 10 12 (-224 320 16 ) (-224 304 16 ) (-224 304 17.118500 ) (-224 320 17.118500 ) 
4 10 11 (-224 304 17.118500 ) (-224 304 16 ) (0 304 16 ) (0 304 17.118500 ) 
4 11 20 (0 0 16 ) (0 0 768 ) (-224 0 768 ) (-224 0 16 ) 
4 11 12 (-224 304 16 ) (-224 0 16 ) (-224 0 768 ) (-224 304 768 ) 
4 12 20 (-224 0 768 ) (-448 0 768 ) (-448 0 16 ) (-224 0 16 ) 
4 12 23 (-448 0 768 ) (-576 0 768 ) (-576 0 16 ) (-448 0 16 ) 
4 12 13 (-448 528 16 ) (-224 528 16 ) (-224 448 16 ) (-448 448 16 ) 
4 12 15 (-576 0 16 ) (-576 528 16 ) (-448 528 16 ) (-448 0 16 ) 
4 13 14 (-448 448 0 ) (-448 448 -256 ) (0 448 -256 ) (0 448 0 ) 
4 13 15 (-448 448 16 ) (-448 528 16 ) (-448 528 -256 ) (-448 448 -256 ) 
4 14 21 (0 0 -256 ) (0 0 0 ) (-448 0 0 ) (-448 0 -256 ) 
4 14 15 (-448 448 0 ) (-448 448 -256 ) (-448 0 -256 ) (-448 0 0 ) 
4 15 23 (-448 0 16 ) (-576 0 16 ) (-576 0 -256 ) (-448 0 -256 ) 
4 16 17 (448 -448 16 ) (448 -448 768 ) (448 0 768 ) (448 0 16 ) 
4 16 18 (448 0 -256 ) (448 -448 -256 ) (448 -448 0 ) (448 0 0 ) 
4 16 19 (448 -448 -256 ) (448 -544 -256 ) (448 -544 768 ) (448 -448 768 ) 
4 17 20 (0 0 768 ) (0 0 16 ) (0 -448 16 ) (0 -448 768 ) 
4 17 19 (448 -448 16 ) (448 -448 768 ) (0 -448 768 ) (0 -448 16 ) 
4 18 21 (0 0 0 ) (0 0 -256 ) (0 -448 -256 ) (0 -448 0 ) 
4 18 19 (0 -448 -256 ) (448 -448 -256 ) (448 -448 0 ) (0 -448 0 ) 
4 19 22 (0 -448 -256 ) (0 -544 -256 ) (0 -544 768 ) (0 -448 768 ) 
4 20 23 (-448 -448 16 ) (-448 -448 768 ) (-448 0 768 ) (-448 0 16 ) 
4 20 22 (-448 -448 768 ) (-448 -448 16 ) (0 -448 16 ) (0 -448 768 ) 
4 21 22 (-448 -448 0 ) (-448 -448 -256 ) (0 -448 -256 ) (0 -448 0 ) 
4 21 23 (-448 0 -256 ) (-448 -448 -256 ) (-448 -448 0 ) (-448 0 0 ) 
4 22 23 (-448 -448 -256 ) (-448 -544 -256 ) (-448 -544 768 ) (-448 -448 768 ) 
